
Welcome to Gradle 9.1.0!

Here are the highlights of this release:
 - Full Java 25 support
 - Native task graph visualization
 - Enhanced console output

For more details see https://docs.gradle.org/9.1.0/release-notes.html

Starting a Gradle Daemon, 1 busy and 1 stopped Daemons could not be reused, use --status for details
> Task :app:preBuild UP-TO-DATE
> Task :app:preDebugBuild UP-TO-DATE
> Task :app:extractDeepLinksDebug UP-TO-DATE

> Task :app:processDebugMainManifest FAILED
[org.tensorflow:tensorflow-lite:2.14.0] C:\Users\mikea\.gradle\caches\9.1.0\transforms\762d227290b8652cd6007418d6bbe614\workspace\transformed\tensorflow-lite-2.14.0\AndroidManifest.xml Error:
	Namespace 'org.tensorflow.lite' is used in multiple modules and/or libraries: org.tensorflow:tensorflow-lite:2.14.0, org.tensorflow:tensorflow-lite-api:2.14.0. Please ensure that all modules and libraries have a unique namespace. For more information, See https://developer.android.com/studio/build/configure-app-module#set-namespace
C:\Users\mikea\AndroidStudioProjects\Moji_frontend\app\src\main\AndroidManifest.xml Error:
	Validation failed, exiting

See https://developer.android.com/r/studio-ui/build/manifest-merger for more information about the manifest merger.


FAILURE: Build failed with an exception.

* What went wrong:
Execution failed for task ':app:processDebugMainManifest'.
> Manifest merger failed with multiple errors, see logs

* Try:
> Run with --stacktrace option to get the stack trace.
> Run with --info or --debug option to get more log output.
> Run with --scan to generate a Build Scan (Powered by Develocity).
> Get more help at https://help.gradle.org.

BUILD FAILED in 16s
2 actionable tasks: 1 executed, 1 up-to-date
